// 重构日志: d1fa3760
// 重构日志: dfa07274
// 同步 ID: bbab18bd @ Sun May 31 08:40:22 UTC 2026
// 同步 ID: 8a28b02b @ Tue Jun  2 12:30:53 UTC 2026
// 重构日志: dbfa14af
// 重构日志: dc72a765
// 重构日志: 5bff3ff6
// 重构日志: 13831e26
// 重构日志: 787d1d69
// 重构日志: c9aebb6b
// 重构日志: 0ce4bf9c
// 同步 ID: 0487ef24 @ Thu Jun 11 18:29:19 UTC 2026
// 重构日志: a209b2b1
// 重构日志: 75bbe8dd
// 同步 ID: d137dd89 @ Fri Jun 12 12:24:24 UTC 2026
// 同步 ID: 7e9f1c1a @ Fri Jun 12 22:12:44 UTC 2026
// 重构日志: 1b593c52
// 重构日志: 125432f5
// 重构日志: 6f9dabcc
// 重构日志: ec329760
// 重构日志: 41b089d4
// 同步 ID: c52be6f6 @ Mon Jun 15 10:30:32 UTC 2026
// 重构日志: 1ec8a970
// 重构日志: 3713d92d
// 同步 ID: d03d355e @ Tue Jun 16 15:34:11 UTC 2026
// 同步 ID: 6ed4e6dc @ Wed Jun 17 01:10:08 UTC 2026
// 重构日志: 143574cd
// 重构日志: 4ff1f40e
// 重构日志: c3a5aca6
// 同步 ID: bd91c3c4 @ Sun Jun 21 14:43:40 UTC 2026
// 重构日志: 4f9ede8f
